
> tasks@0.1.0 test
> react-scripts test --coverage

Browserslist: caniuse-lite is outdated. Please run:
  npx browserslist@latest --update-db
  Why you should do it regularly: https://github.com/browserslist/browserslist#browsers-data-updating
FAIL src/quizzer/Quizzer.test.tsx (5.178 s)
  ● Quizzer Tests › Users can edit the questions and fields of a quiz

    expect(element).toHaveValue(What is 3+3?)

    Expected the element to have value:
      What is 3+3?
    Received:
      undefined

      232 |
      233 |         const finalBody = screen.getAllByTestId("question_body");
    > 234 |         expect(finalBody[0]).toHaveValue("What is 3+3?"); 
          |                              ^
      235 |     });
      236 |
      237 |     test("Users can reorder quiz questions", () => {

      at Object.<anonymous> (src/quizzer/Quizzer.test.tsx:234:30)

PASS src/App.test.tsx
-------------------|---------|----------|---------|---------|-------------------------------------
File               | % Stmts | % Branch | % Funcs | % Lines | Uncovered Line #s                   
-------------------|---------|----------|---------|---------|-------------------------------------
All files          |   85.13 |    83.33 |   82.19 |    84.5 |                                     
 src               |   66.66 |       50 |      50 |   66.66 |                                     
  App.tsx          |   66.66 |       50 |      50 |   66.66 | 16                                  
 src/interfaces    |       0 |        0 |       0 |       0 |                                     
  question.ts      |       0 |        0 |       0 |       0 |                                     
  quiz.ts          |       0 |        0 |       0 |       0 |                                     
 src/quizzer       |   85.51 |    85.71 |   83.09 |   84.89 |                                     
  AddQuizModal.tsx |   64.28 |      100 |      40 |   64.28 | 36-55                               
  QuestionEdit.tsx |   53.33 |    64.28 |   53.33 |   53.33 | 26-29,48-49,56-58,66-68,164,198,225 
  QuizCard.tsx     |     100 |       80 |     100 |     100 | 32                                  
  QuizEdit.tsx     |   92.59 |      100 |   86.66 |      92 | 72,103                              
  QuizExpanded.tsx |     100 |      100 |     100 |     100 |                                     
  QuizList.tsx     |     100 |      100 |     100 |     100 |                                     
  QuizQuestion.tsx |     100 |    85.71 |     100 |     100 | 24-31                               
  QuizView.tsx     |     100 |      100 |     100 |     100 |                                     
  Quizzer.tsx      |     100 |      100 |     100 |     100 |                                     
-------------------|---------|----------|---------|---------|-------------------------------------

Test Suites: 1 failed, 1 passed, 2 total
Tests:       1 failed, 14 passed, 15 total
Snapshots:   0 total
Time:        6.668 s
Ran all test suites.
